// Jest Snapshot v1, https://goo.gl/fbAQLP

exports[`renders learn react link 1`] = `
Object {
  "asFragment": [Function],
  "baseElement": <body>
    <div>
      <div
        class="app"
      >
        <img
          alt="GitHub Logo"
          src="/github_logo.png"
        />
        <h1>
          Users search
        </h1>
        <p>
          Navigate using keyboard arrow â†‘ and â†“, then press ENTER to open the profile link, or just click on it.
        </p>
        <input
          placeholder="Search a profile"
          style="width: 100%; background: white; border: 1px solid #999; padding: 0.5rem; height: 40px; font-size: 20px;"
          value=""
        />
        <div
          class="credit"
        >
          Made with ðŸ–¤ by 
          <a
            href="https://github.com/riccardobertolini/"
          >
            riccardobertolini
          </a>
        </div>
      </div>
    </div>
  </body>,
  "container": <div>
    <div
      class="app"
    >
      <img
        alt="GitHub Logo"
        src="/github_logo.png"
      />
      <h1>
        Users search
      </h1>
      <p>
        Navigate using keyboard arrow â†‘ and â†“, then press ENTER to open the profile link, or just click on it.
      </p>
      <input
        placeholder="Search a profile"
        style="width: 100%; background: white; border: 1px solid #999; padding: 0.5rem; height: 40px; font-size: 20px;"
        value=""
      />
      <div
        class="credit"
      >
        Made with ðŸ–¤ by 
        <a
          href="https://github.com/riccardobertolini/"
        >
          riccardobertolini
        </a>
      </div>
    </div>
  </div>,
  "debug": [Function],
  "findAllByAltText": [Function],
  "findAllByDisplayValue": [Function],
  "findAllByLabelText": [Function],
  "findAllByPlaceholderText": [Function],
  "findAllByRole": [Function],
  "findAllByTestId": [Function],
  "findAllByText": [Function],
  "findAllByTitle": [Function],
  "findByAltText": [Function],
  "findByDisplayValue": [Function],
  "findByLabelText": [Function],
  "findByPlaceholderText": [Function],
  "findByRole": [Function],
  "findByTestId": [Function],
  "findByText": [Function],
  "findByTitle": [Function],
  "getAllByAltText": [Function],
  "getAllByDisplayValue": [Function],
  "getAllByLabelText": [Function],
  "getAllByPlaceholderText": [Function],
  "getAllByRole": [Function],
  "getAllByTestId": [Function],
  "getAllByText": [Function],
  "getAllByTitle": [Function],
  "getByAltText": [Function],
  "getByDisplayValue": [Function],
  "getByLabelText": [Function],
  "getByPlaceholderText": [Function],
  "getByRole": [Function],
  "getByTestId": [Function],
  "getByText": [Function],
  "getByTitle": [Function],
  "queryAllByAltText": [Function],
  "queryAllByDisplayValue": [Function],
  "queryAllByLabelText": [Function],
  "queryAllByPlaceholderText": [Function],
  "queryAllByRole": [Function],
  "queryAllByTestId": [Function],
  "queryAllByText": [Function],
  "queryAllByTitle": [Function],
  "queryByAltText": [Function],
  "queryByDisplayValue": [Function],
  "queryByLabelText": [Function],
  "queryByPlaceholderText": [Function],
  "queryByRole": [Function],
  "queryByTestId": [Function],
  "queryByText": [Function],
  "queryByTitle": [Function],
  "rerender": [Function],
  "unmount": [Function],
}
`;
